_off^_usr, _off^_usr, _off^_usr, _off^_usr, _off^_usr, _off^_usr, _off^_usr, _off^_usr, _off^_usr, _off^_usr, _off^_usr, _off^_usr, _off^_usr, _off^_usr, _off^_usr, _off^_usr, _off^_usr, _off^_usr, _off^_usr, _off^_usr, _off^_usr, _off^_usr, _off^_usr, _off^_usr, _off^_usr, _off^_usr, _off^_usr, _off^_usr, _off^_usr, _off^_usr, _off^_usr, _off^_usr, _off^_usr, _off^_usr, _off^_usr, _off^_usr, _off^_usr, _off^_usr, _off^_usr
_off^_usr, _off^_usr, _off^_usr, _off^_usr, _off^_usr, _off^_usr, _off^_usr, _off^_usr, _off^_usr, _off^_usr, Mm^Xm, _off^_usr, Hh, _off^_usr, Gg^Fet, _off^_usr, Gs^Fp, _off^_usr, Mm, _off^_usr, Ww, _off^_usr, Ww, _off^_usr, Gg^Efm, _off^_usr, Hh, _off^_usr, Xuc, _off^_usr, Qxu, Gg, Qxu, _off^_usr, _off^_usr, _off^_usr, _off^_usr, _off^_usr, _off^_usr
_off^_usr, _off^_usr, _off^_usr, _off^_usr, _off^_usr, _off^_usr, _off^_usr, _off^_usr, Mm^Xm, Mm, Mm^Xm, Mm, Gg, Gs^Fp, Hh, Gg^Tf, Gs^Fms, Hh, Wwf, Wwf, Ww, Ww, Gg, Gg, Gs^Fp, Gs^Fp, Mm, Hh^Tf, Xuc, Xuc, Gs^Fp, Gg, _off^_usr, _off^_usr, _off^_usr, _off^_usr, _off^_usr, _off^_usr, _off^_usr
_off^_usr, _off^_usr, _off^_usr, _off^_usr, _off^_usr, _off^_usr, Wwf, Mm, Hh, Mm^Xm, Mm, Gg, Gg, Gg, Gg, Gg, Rr, Wwf, Gg, Wwf, Gg, Hh, Gg, Gg, Gg, Ss, Gs^Fms, Hh, Gg, Xuc, Gg, Ww, Urb, _off^_usr, _off^_usr, _off^_usr, _off^_usr, _off^_usr, _off^_usr
_off^_usr, _off^_usr, _off^_usr, _off^_usr, Tb^Tf, Tb^Tf, Wwr^Tf, Gs^Fms, Gs^Fp, Tb, Gg, Gg, Gg, Gg, Mm, Rr, Wwf, Ch, 1 Kh, Gg, Gg, Gg, Gg, Cte, Ss, Gg, Gg, Gg, Hh, Gg, Wwf, Ww, Urb, Urb, Mm, _off^_usr, _off^_usr, _off^_usr, _off^_usr
_off^_usr, _off^_usr, _off^_usr, _off^_usr, Tb^Tf, Uu^Vu, Wwr^Tf, Wwf, Ss^Vhs, Gg, Gg, Gg, Gg, Gs^Fp, Wwf, Wwf, Gg, Gg, Gg, Ch, Gg, Gg, Gs^Fp, Ss, Mm, Ss, Ss, Gg, Gg, Gs^Fp, Wwf, Xuc, Xuc, Xuc, Wwf, _off^_usr, _off^_usr, _off^_usr, _off^_usr
_off^_usr, _off^_usr, _off^_usr, _off^_usr, Wwf, Wwr^Tf, Hh, Gg, Gg^Efm, Gg, Ms^Xm, Gg, Gg, Gg, Wwf, Gg, Gs^Fp, Gg, Gg, Gg, Gg, Gg, Ss, Hh, Gg, Tb, Gs^Fp, Gg, Wwf, Wwf, Gg, Gg, Gg^Efm, Wwf, Mm^Xm, _off^_usr, _off^_usr, _off^_usr, _off^_usr
_off^_usr, _off^_usr, _off^_usr, _off^_usr, Wwf, Gs^Fms, Mm^Xm, Gs^Fp, Mm, Ms^Xm, Wwf, Wwf, Ch, Wwf, Gs^Fp, Mm^Xm, Mm^Xm, Mm^Xm, Hh, Gg, Gg, Gg, Gg, Gg^Efm, Gg, Hh, Gg, Wwf, Wwf, Wwf, Gg, Gg, Hh, Gs^Fms, Mm^Xm, _off^_usr, _off^_usr, _off^_usr, _off^_usr
_off^_usr, _off^_usr, _off^_usr, _off^_usr, Wwf, Mm, Gg^Tf, Mm^Xm, Hh, Wwf, Gg, Gg, Gg, Gg, Ms^Xm, Hh^Tf, Hh^Tf, Mm^Xm, Hh, Gg, Gg, Gg, Gg, Gg, Gg, Gg, Wwf, Wwf, Gg, Gg, Gg, Gg^Tf, Mm^Xm, Mm^Xm, Mm, _off^_usr, _off^_usr, _off^_usr, _off^_usr
_off^_usr, _off^_usr, _off^_usr, _off^_usr, Wwf, Gs^Fp, Gg, Gg^Efm, Wwf, Wwf, Gg^Tf, Gg^Ve, Gg, Gg, Ch, Mm^Xm, Gs^Fp, Gs^Fp, Hh^Vhh, Gg, Hh, Hh, Mm, Gg^Fet, Gg, Gg, Wwf, Wwf, Ms^Xm, Gg, Gg, Hh, Mm, Mm^Xm, Mm, _off^_usr, _off^_usr, _off^_usr, _off^_usr
_off^_usr, _off^_usr, _off^_usr, _off^_usr, Gs^Fms, Wwf, Wwf, Wwf, Gg, Gg, Gg, Gg, Gg, Gg^Efm, 3 Kh, Mm^Xm, Mm^Xm, Hh, Gg, Gg, Gg, Gs^Fp, Hh, Hh, Wwf, Wwf, Ms^Xm, Ms^Xm, Gg, Gg, Chr, Gg^Efm, Hh, Mm^Xm, Mm^Xm, _off^_usr, _off^_usr, _off^_usr, _off^_usr
_off^_usr, _off^_usr, _off^_usr, _off^_usr, Hh, Wwf, Hh^Tf, Mm, Gs^Fp, Gg, Rr, Gg, Gg, Ch, Mm^Xm, Mm^Xm, Mm, Gs^Fp, Gg, Gg, Wo, Wo, Wwf, Wwf, Mm^Xm, Ms^Xm, Gg, Gg, Gg, Gg, Wwf, Gg, Gg, Gs^Fp, Gs^Fms, _off^_usr, _off^_usr, _off^_usr, _off^_usr
_off^_usr, _off^_usr, _off^_usr, _off^_usr, Wwf, Wwf, Wwf, Hh, Rr, Rr, Rr, Gg, Gg, Ch, Mm^Xm, Mm^Xm, Hh, Gg, Gg, Dd^Do, Gg, Gg, Hh, Rr, Mm^Xm, Mm, Gg, Rr, Rr, Wwf, Rr, Wwf, Wwf, Gg, Wwf, _off^_usr, _off^_usr, _off^_usr, _off^_usr
_off^_usr, _off^_usr, _off^_usr, _off^_usr, Gg^Fet, Gg, Gg, Wwf, Wwf, Wwf, Wwf, Rr, Gg, Mm, Mm^Xm, Rr, Wwf, Gg, Wo, Ww, Gg, Gg, Mm, Mm^Xm, Mm^Xm, Ch, Gg, Gg, Rr, Rr, Gs^Fms, Hh, Tb^Tf, Wwf, Hh, _off^_usr, _off^_usr, _off^_usr, _off^_usr
_off^_usr, _off^_usr, _off^_usr, _off^_usr, Mm^Xm, Gs^Fp, Hh, Gg, Chr, Gg, Gg, Gg, Ms^Xm, Ms^Xm, Wwf, Wwf, Hh, Wo, Gg, Gg, Gg, Gs^Fp, Mm^Xm, Mm^Xm, 4 Kh, Ch, Gg, Gg, Gg, Gg, Gg, Mm, Wwf, Wwf, Gs^Fp, _off^_usr, _off^_usr, _off^_usr, _off^_usr
_off^_usr, _off^_usr, _off^_usr, _off^_usr, Mm, Mm^Xm, Mm, Gg^Efm, Gg, Gg, Ms^Xm, Ms^Xm, Wwf, Wwf, Gg, Hh, Mm, Gg^Fet, Hh, Gg, Hh^Vhh, Hh, Gs^Fp, Mm^Xm, Ch, Gg^Efm, Gg, Gg, Gg^Tf, Gg, Wwf, Wwf, Gg, Wwf, Wwf, _off^_usr, _off^_usr, _off^_usr, _off^_usr
_off^_usr, _off^_usr, _off^_usr, _off^_usr, Mm, Mm^Xm, Mm^Xm, Hh, Gg, Gg, Gg, Wwf, Wwf, Gg, Gg, Gs^Fp, Gg, Hh, Gg, Gg, Hh, Gs^Fp, Tb, Mm^Xm, Ms^Xm, Gg, Gg, Gg^Ve, Gg, Wwf, Hh, Gg, Gg^Tf, Gg^Fet, Wwf, _off^_usr, _off^_usr, _off^_usr, _off^_usr
_off^_usr, _off^_usr, _off^_usr, _off^_usr, Mm^Xm, Mm^Xm, Hh, Gg^Tf, Gg, Gg, Wwf, Wwf, Gg, Gg, Gg, Gg, Gg, Gg, Gg, Gg, Hh, Mm^Xm, Mm^Xm, Tb, Gs^Fp, Gg, Ch, Gg, Wwf, Wwf, Mm, Mm^Xm, Mm^Xm, Mm, Wwf, _off^_usr, _off^_usr, _off^_usr, _off^_usr
_off^_usr, _off^_usr, _off^_usr, _off^_usr, Mm^Xm, Gs^Fms, Gg^Efm, Gg, Gg, Wwf, Wwf, Wwf, Gs^Fms, Hh, Gs^Fp, Gg, Ss, Gg, Gg, Gg, Gg, Mm^Xm, Gs^Fp, Mm^Xm, Wwf, Wwf, Gg, Wwf, Ms^Xm, Ms^Xm, Gg, Gs^Fp, Hh, Gs^Fms, Wwf, _off^_usr, _off^_usr, _off^_usr, _off^_usr
_off^_usr, _off^_usr, _off^_usr, _off^_usr, Wwf, Wwf, Wwf, Gg, Wwf, Wwf, Gg, Gg, Ss, Hh^Tf, Mm, Hh, Gs^Fp, Gg, Gg, Gg, Gg, Gg, Gg, Gg, Wwf, Gg, Gg, Gg, Gg, Gg, Ss^Vhs, Gg, Uu^Tf, Uu^Tf, Uu^Tf, _off^_usr, _off^_usr, _off^_usr, _off^_usr
_off^_usr, _off^_usr, _off^_usr, _off^_usr, Hh, Wwf, Xuc, Xuc, Xuc, Gs^Fp, Hh, Gg, Gg, Ss, Ss, Ss, Gg, Gg, Gg, Chr, 2 Kh, Gg, Wwf, Wwf, Mm, Gs^Fms, Gg, Gg, Gg, Gg, Gs^Fp, Wwf, Uu^Tf, Uu^Vu, Uu^Tf, _off^_usr, _off^_usr, _off^_usr, _off^_usr
_off^_usr, _off^_usr, _off^_usr, _off^_usr, _off^_usr, Mm, Uu, Uu, Ww, Gg, Gg, Gg, Gs^Fp, Gg, Gg, Cte, Gg, Gg, Gg, Gg, Gg, Chr, Gg, Gg, Gg, Gg, Gg, Gg, Gs^Fp, Uu^Tf, Hh, Gs^Fp, Wwf, Uu^Tf, _off^_usr, _off^_usr, _off^_usr, _off^_usr, _off^_usr
_off^_usr, _off^_usr, _off^_usr, _off^_usr, _off^_usr, _off^_usr, _off^_usr, Uu, Ww, Gg^Tf, Gs^Fds, Xuc, Xuc, Ss, Gs^Fp, Gg, Gg, Hh, Ww, Wwf, Wwf, Wwf, Hh, Gg, Gg, Gg, Gg, Gg, Mm^Xm, Mm^Xm, Mm^Xm, Mm, _off^_usr, _off^_usr, _off^_usr, _off^_usr, _off^_usr, _off^_usr, _off^_usr
_off^_usr, _off^_usr, _off^_usr, _off^_usr, _off^_usr, _off^_usr, _off^_usr, _off^_usr, Qxua, Gg, Qxua, Xuc, Xuc, Tb, Gg^Efm, Gg^Efm, Ww, Ww, Ww, Wwf, Mm, Gs^Fp, Gs^Fp, Uu^Tf, Gs^Fp, Gg^Fet, Hh, Hh, Mm^Xm, Mm, _off^_usr, _off^_usr, _off^_usr, _off^_usr, _off^_usr, _off^_usr, _off^_usr, _off^_usr, _off^_usr
_off^_usr, _off^_usr, _off^_usr, _off^_usr, _off^_usr, _off^_usr, _off^_usr, _off^_usr, _off^_usr, Gg, _off^_usr, _off^_usr, _off^_usr, _off^_usr, _off^_usr, _off^_usr, _off^_usr, _off^_usr, _off^_usr, _off^_usr, _off^_usr, _off^_usr, _off^_usr, _off^_usr, _off^_usr, _off^_usr, _off^_usr, _off^_usr, _off^_usr, _off^_usr, _off^_usr, _off^_usr, _off^_usr, _off^_usr, _off^_usr, _off^_usr, _off^_usr, _off^_usr, _off^_usr
_off^_usr, _off^_usr, _off^_usr, _off^_usr, _off^_usr, _off^_usr, _off^_usr, _off^_usr, _off^_usr, _off^_usr, _off^_usr, _off^_usr, _off^_usr, _off^_usr, _off^_usr, _off^_usr, _off^_usr, _off^_usr, _off^_usr, _off^_usr, _off^_usr, _off^_usr, _off^_usr, _off^_usr, _off^_usr, _off^_usr, _off^_usr, _off^_usr, _off^_usr, _off^_usr, _off^_usr, _off^_usr, _off^_usr, _off^_usr, _off^_usr, _off^_usr, _off^_usr, _off^_usr, _off^_usr
